2026-08-29 15:39:36,704 [INFO] ============================================================
2026-08-29 15:39:36,706 [INFO] Sprint 2 — Ratio Engine Starting
2026-08-29 15:39:36,707 [INFO] ============================================================
2026-08-29 15:39:36,739 [INFO] Migrating financial_ratios table schema...
2026-08-29 15:39:36,770 [INFO] financial_ratios already has KPI schema. Clearing rows for fresh population.
2026-08-29 15:39:37,384 [INFO] Loaded 1073 P&L records, 1058 BS records, 1056 CF records.
2026-08-29 15:39:37,392 [INFO] Financials sector companies: 23
2026-08-29 15:39:37,498 [INFO] Merged dataset: 1073 company-year rows.
2026-08-29 15:39:40,586 [INFO] Computed KPIs for 1073 company-year records.
2026-08-29 15:39:40,794 [INFO] Composite quality scores computed.
2026-08-29 15:39:41,944 [INFO] Inserted 1073 rows into financial_ratios table.
2026-08-29 15:39:42,060 [INFO] Exported capital_allocation.csv with 1073 rows.
2026-08-29 15:39:42,060 [INFO] OPM cross-check anomalies logged: 216
2026-08-29 15:39:42,062 [WARNING] OPM_MISMATCH | ADANIENSOL | Year:2024 | Source:30.00% | Computed:34.39% | Diff:4.39% | data source issue | Computed OPM (34.39%) differs from source opm_percentage (30.00%) by 4.39%
2026-08-29 15:39:42,074 [WARNING] OPM_MISMATCH | AXISBANK | Year:2013 | Source:1353.00% | Computed:30.58% | Diff:1322.42% | data source issue | Computed OPM (30.58%) differs from source opm_percentage (1353.00%) by 1322.42%
2026-08-29 15:39:42,078 [WARNING] OPM_MISMATCH | AXISBANK | Year:2014 | Source:2307.00% | Computed:31.47% | Diff:2275.53% | data source issue | Computed OPM (31.47%) differs from source opm_percentage (2307.00%) by 2275.53%
2026-08-29 15:39:42,078 [WARNING] OPM_MISMATCH | AXISBANK | Year:2015 | Source:3097.00% | Computed:31.36% | Diff:3065.64% | data source issue | Computed OPM (31.36%) differs from source opm_percentage (3097.00%) by 3065.64%
2026-08-29 15:39:42,092 [WARNING] OPM_MISMATCH | AXISBANK | Year:2016 | Source:3466.00% | Computed:32.61% | Diff:3433.39% | data source issue | Computed OPM (32.61%) differs from source opm_percentage (3466.00%) by 3433.39%
2026-08-29 15:39:42,095 [WARNING] OPM_MISMATCH | AXISBANK | Year:2017 | Source:-5715.00% | Computed:53.45% | Diff:5768.45% | data source issue | Computed OPM (53.45%) differs from source opm_percentage (-5715.00%) by 5768.45%
2026-08-29 15:39:42,095 [WARNING] OPM_MISMATCH | AXISBANK | Year:2018 | Source:-10277.00% | Computed:63.12% | Diff:10340.12% | data source issue | Computed OPM (63.12%) differs from source opm_percentage (-10277.00%) by 10340.12%
2026-08-29 15:39:42,097 [WARNING] OPM_MISMATCH | AXISBANK | Year:2019 | Source:-5447.00% | Computed:49.39% | Diff:5496.39% | data source issue | Computed OPM (49.39%) differs from source opm_percentage (-5447.00%) by 5496.39%
2026-08-29 15:39:42,099 [WARNING] OPM_MISMATCH | AXISBANK | Year:2020 | Source:-9859.00% | Computed:55.98% | Diff:9914.98% | data source issue | Computed OPM (55.98%) differs from source opm_percentage (-9859.00%) by 9914.98%
2026-08-29 15:39:42,099 [WARNING] OPM_MISMATCH | AXISBANK | Year:2021 | Source:-2510.00% | Computed:50.12% | Diff:2560.12% | data source issue | Computed OPM (50.12%) differs from source opm_percentage (-2510.00%) by 2560.12%
2026-08-29 15:39:42,110 [WARNING] OPM_MISMATCH | AXISBANK | Year:2022 | Source:3170.00% | Computed:44.47% | Diff:3125.53% | data source issue | Computed OPM (44.47%) differs from source opm_percentage (3170.00%) by 3125.53%
2026-08-29 15:39:42,110 [WARNING] OPM_MISMATCH | AXISBANK | Year:2023 | Source:13857.00% | Computed:34.16% | Diff:13822.84% | data source issue | Computed OPM (34.16%) differs from source opm_percentage (13857.00%) by 13822.84%
2026-08-29 15:39:42,110 [WARNING] OPM_MISMATCH | AXISBANK | Year:2024 | Source:11952.00% | Computed:34.69% | Diff:11917.31% | data source issue | Computed OPM (34.69%) differs from source opm_percentage (11952.00%) by 11917.31%
2026-08-29 15:39:42,110 [WARNING] OPM_MISMATCH | BAJFINANCE | Year:2015 | Source:1367.00% | Computed:32.49% | Diff:1334.51% | data source issue | Computed OPM (32.49%) differs from source opm_percentage (1367.00%) by 1334.51%
2026-08-29 15:39:42,112 [WARNING] OPM_MISMATCH | BAJFINANCE | Year:2016 | Source:1986.00% | Computed:32.25% | Diff:1953.75% | data source issue | Computed OPM (32.25%) differs from source opm_percentage (1986.00%) by 1953.75%
2026-08-29 15:39:42,112 [WARNING] OPM_MISMATCH | BAJFINANCE | Year:2017 | Source:2867.00% | Computed:32.60% | Diff:2834.40% | data source issue | Computed OPM (32.60%) differs from source opm_percentage (2867.00%) by 2834.40%
2026-08-29 15:39:42,114 [WARNING] OPM_MISMATCH | BAJFINANCE | Year:2018 | Source:3935.00% | Computed:32.28% | Diff:3902.72% | data source issue | Computed OPM (32.28%) differs from source opm_percentage (3935.00%) by 3902.72%
2026-08-29 15:39:42,117 [WARNING] OPM_MISMATCH | BAJFINANCE | Year:2019 | Source:6310.00% | Computed:29.50% | Diff:6280.50% | data source issue | Computed OPM (29.50%) differs from source opm_percentage (6310.00%) by 6280.50%
2026-08-29 15:39:42,132 [WARNING] OPM_MISMATCH | BAJFINANCE | Year:2020 | Source:7608.00% | Computed:34.73% | Diff:7573.27% | data source issue | Computed OPM (34.73%) differs from source opm_percentage (7608.00%) by 7573.27%
2026-08-29 15:39:42,132 [WARNING] OPM_MISMATCH | BAJFINANCE | Year:2021 | Source:6314.00% | Computed:40.64% | Diff:6273.36% | data source issue | Computed OPM (40.64%) differs from source opm_percentage (6314.00%) by 6273.36%
2026-08-29 15:39:42,132 [WARNING] OPM_MISMATCH | BAJFINANCE | Year:2022 | Source:9906.00% | Computed:37.55% | Diff:9868.45% | data source issue | Computed OPM (37.55%) differs from source opm_percentage (9906.00%) by 9868.45%
2026-08-29 15:39:42,132 [WARNING] OPM_MISMATCH | BAJFINANCE | Year:2023 | Source:16018.00% | Computed:30.65% | Diff:15987.35% | data source issue | Computed OPM (30.65%) differs from source opm_percentage (16018.00%) by 15987.35%
2026-08-29 15:39:42,134 [WARNING] OPM_MISMATCH | BAJFINANCE | Year:2024 | Source:19987.00% | Computed:29.29% | Diff:19957.71% | data source issue | Computed OPM (29.29%) differs from source opm_percentage (19987.00%) by 19957.71%
2026-08-29 15:39:42,134 [WARNING] OPM_MISMATCH | BANKBARODA | Year:2013 | Source:1006.00% | Computed:30.05% | Diff:975.95% | data source issue | Computed OPM (30.05%) differs from source opm_percentage (1006.00%) by 975.95%
2026-08-29 15:39:42,134 [WARNING] OPM_MISMATCH | BANKBARODA | Year:2014 | Source:809.00% | Computed:29.78% | Diff:779.22% | data source issue | Computed OPM (29.78%) differs from source opm_percentage (809.00%) by 779.22%
2026-08-29 15:39:42,134 [WARNING] OPM_MISMATCH | BANKBARODA | Year:2015 | Source:902.00% | Computed:29.98% | Diff:872.02% | data source issue | Computed OPM (29.98%) differs from source opm_percentage (902.00%) by 872.02%
2026-08-29 15:39:42,138 [WARNING] OPM_MISMATCH | BANKBARODA | Year:2016 | Source:-11700.00% | Computed:55.44% | Diff:11755.44% | data source issue | Computed OPM (55.44%) differs from source opm_percentage (-11700.00%) by 11755.44%
2026-08-29 15:39:42,140 [WARNING] OPM_MISMATCH | BANKBARODA | Year:2017 | Source:-4372.00% | Computed:43.28% | Diff:4415.28% | data source issue | Computed OPM (43.28%) differs from source opm_percentage (-4372.00%) by 4415.28%
2026-08-29 15:39:42,140 [WARNING] OPM_MISMATCH | BANKBARODA | Year:2018 | Source:-9197.00% | Computed:56.65% | Diff:9253.65% | data source issue | Computed OPM (56.65%) differs from source opm_percentage (-9197.00%) by 9253.65%
2026-08-29 15:39:42,142 [WARNING] OPM_MISMATCH | BANKBARODA | Year:2019 | Source:-5414.00% | Computed:48.79% | Diff:5462.79% | data source issue | Computed OPM (48.79%) differs from source opm_percentage (-5414.00%) by 5462.79%
2026-08-29 15:39:42,143 [WARNING] OPM_MISMATCH | BANKBARODA | Year:2020 | Source:-11728.00% | Computed:51.44% | Diff:11779.44% | data source issue | Computed OPM (51.44%) differs from source opm_percentage (-11728.00%) by 11779.44%
2026-08-29 15:39:42,167 [WARNING] OPM_MISMATCH | BANKBARODA | Year:2021 | Source:-6957.00% | Computed:51.23% | Diff:7008.23% | data source issue | Computed OPM (51.23%) differs from source opm_percentage (-6957.00%) by 7008.23%
2026-08-29 15:39:42,167 [WARNING] OPM_MISMATCH | BANKBARODA | Year:2022 | Source:-2948.00% | Computed:51.12% | Diff:2999.12% | data source issue | Computed OPM (51.12%) differs from source opm_percentage (-2948.00%) by 2999.12%
2026-08-29 15:39:42,167 [WARNING] OPM_MISMATCH | BANKBARODA | Year:2023 | Source:6329.00% | Computed:40.45% | Diff:6288.55% | data source issue | Computed OPM (40.45%) differs from source opm_percentage (6329.00%) by 6288.55%
2026-08-29 15:39:42,169 [WARNING] OPM_MISMATCH | BANKBARODA | Year:2024 | Source:4102.00% | Computed:37.49% | Diff:4064.51% | data source issue | Computed OPM (37.49%) differs from source opm_percentage (4102.00%) by 4064.51%
2026-08-29 15:39:42,169 [WARNING] OPM_MISMATCH | CANBK | Year:2013 | Source:655.00% | Computed:21.18% | Diff:633.82% | data source issue | Computed OPM (21.18%) differs from source opm_percentage (655.00%) by 633.82%
2026-08-29 15:39:42,188 [WARNING] OPM_MISMATCH | CANBK | Year:2014 | Source:-672.00% | Computed:24.35% | Diff:696.35% | data source issue | Computed OPM (24.35%) differs from source opm_percentage (-672.00%) by 696.35%
2026-08-29 15:39:42,188 [WARNING] OPM_MISMATCH | CANBK | Year:2015 | Source:-621.00% | Computed:23.51% | Diff:644.51% | data source issue | Computed OPM (23.51%) differs from source opm_percentage (-621.00%) by 644.51%
2026-08-29 15:39:42,209 [WARNING] OPM_MISMATCH | CANBK | Year:2016 | Source:-8008.00% | Computed:40.38% | Diff:8048.38% | data source issue | Computed OPM (40.38%) differs from source opm_percentage (-8008.00%) by 8048.38%
2026-08-29 15:39:42,211 [WARNING] OPM_MISMATCH | CANBK | Year:2017 | Source:-5775.00% | Computed:37.85% | Diff:5812.85% | data source issue | Computed OPM (37.85%) differs from source opm_percentage (-5775.00%) by 5812.85%
2026-08-29 15:39:42,211 [WARNING] OPM_MISMATCH | CANBK | Year:2018 | Source:-13350.00% | Computed:61.87% | Diff:13411.87% | data source issue | Computed OPM (61.87%) differs from source opm_percentage (-13350.00%) by 13411.87%
2026-08-29 15:39:42,212 [WARNING] OPM_MISMATCH | CANBK | Year:2019 | Source:-11590.00% | Computed:56.73% | Diff:11646.73% | data source issue | Computed OPM (56.73%) differs from source opm_percentage (-11590.00%) by 11646.73%
2026-08-29 15:39:42,212 [WARNING] OPM_MISMATCH | CANBK | Year:2020 | Source:-12867.00% | Computed:53.88% | Diff:12920.88% | data source issue | Computed OPM (53.88%) differs from source opm_percentage (-12867.00%) by 12920.88%
2026-08-29 15:39:42,216 [WARNING] OPM_MISMATCH | CANBK | Year:2021 | Source:-18367.00% | Computed:61.83% | Diff:18428.83% | data source issue | Computed OPM (61.83%) differs from source opm_percentage (-18367.00%) by 18428.83%
2026-08-29 15:39:42,218 [WARNING] OPM_MISMATCH | CANBK | Year:2022 | Source:-13657.00% | Computed:58.39% | Diff:13715.39% | data source issue | Computed OPM (58.39%) differs from source opm_percentage (-13657.00%) by 13715.39%
2026-08-29 15:39:42,218 [WARNING] OPM_MISMATCH | CANBK | Year:2023 | Source:-9877.00% | Computed:49.80% | Diff:9926.80% | data source issue | Computed OPM (49.80%) differs from source opm_percentage (-9877.00%) by 9926.80%
2026-08-29 15:39:42,228 [WARNING] OPM_MISMATCH | CANBK | Year:2024 | Source:-7745.00% | Computed:41.75% | Diff:7786.75% | data source issue | Computed OPM (41.75%) differs from source opm_percentage (-7745.00%) by 7786.75%
2026-08-29 15:39:42,228 [WARNING] OPM_MISMATCH | CHOLAFIN | Year:2013 | Source:472.00% | Computed:26.77% | Diff:445.23% | data source issue | Computed OPM (26.77%) differs from source opm_percentage (472.00%) by 445.23%
2026-08-29 15:39:42,230 [WARNING] OPM_MISMATCH | CHOLAFIN | Year:2014 | Source:578.00% | Computed:28.42% | Diff:549.58% | data source issue | Computed OPM (28.42%) differs from source opm_percentage (578.00%) by 549.58%
2026-08-29 15:39:42,244 [WARNING] OPM_MISMATCH | CHOLAFIN | Year:2015 | Source:696.00% | Computed:28.56% | Diff:667.44% | data source issue | Computed OPM (28.56%) differs from source opm_percentage (696.00%) by 667.44%
2026-08-29 15:39:42,244 [WARNING] OPM_MISMATCH | CHOLAFIN | Year:2016 | Source:899.00% | Computed:30.04% | Diff:868.96% | data source issue | Computed OPM (30.04%) differs from source opm_percentage (899.00%) by 868.96%
2026-08-29 15:39:42,254 [WARNING] OPM_MISMATCH | CHOLAFIN | Year:2017 | Source:1143.00% | Computed:28.16% | Diff:1114.84% | data source issue | Computed OPM (28.16%) differs from source opm_percentage (1143.00%) by 1114.84%
2026-08-29 15:39:42,254 [WARNING] OPM_MISMATCH | CHOLAFIN | Year:2018 | Source:1451.00% | Computed:26.10% | Diff:1424.90% | data source issue | Computed OPM (26.10%) differs from source opm_percentage (1451.00%) by 1424.90%
2026-08-29 15:39:42,256 [WARNING] OPM_MISMATCH | CHOLAFIN | Year:2019 | Source:1888.00% | Computed:22.96% | Diff:1865.04% | data source issue | Computed OPM (22.96%) differs from source opm_percentage (1888.00%) by 1865.04%
2026-08-29 15:39:42,260 [WARNING] OPM_MISMATCH | CHOLAFIN | Year:2020 | Source:1699.00% | Computed:27.79% | Diff:1671.21% | data source issue | Computed OPM (27.79%) differs from source opm_percentage (1699.00%) by 1671.21%
2026-08-29 15:39:42,264 [WARNING] OPM_MISMATCH | CHOLAFIN | Year:2021 | Source:2094.00% | Computed:30.40% | Diff:2063.60% | data source issue | Computed OPM (30.40%) differs from source opm_percentage (2094.00%) by 2063.60%
2026-08-29 15:39:42,276 [WARNING] OPM_MISMATCH | CHOLAFIN | Year:2022 | Source:2924.00% | Computed:28.83% | Diff:2895.17% | data source issue | Computed OPM (28.83%) differs from source opm_percentage (2924.00%) by 2895.17%
2026-08-29 15:39:42,276 [WARNING] OPM_MISMATCH | CHOLAFIN | Year:2023 | Source:3515.00% | Computed:28.10% | Diff:3486.90% | data source issue | Computed OPM (28.10%) differs from source opm_percentage (3515.00%) by 3486.90%
2026-08-29 15:39:42,276 [WARNING] OPM_MISMATCH | CHOLAFIN | Year:2024 | Source:4548.00% | Computed:28.10% | Diff:4519.90% | data source issue | Computed OPM (28.10%) differs from source opm_percentage (4548.00%) by 4519.90%
2026-08-29 15:39:42,276 [WARNING] OPM_MISMATCH | CIPLA | Year:2013 | Source:2214.00% | Computed:73.26% | Diff:2140.74% | data source issue | Computed OPM (73.26%) differs from source opm_percentage (2214.00%) by 2140.74%
2026-08-29 15:39:42,276 [WARNING] OPM_MISMATCH | CIPLA | Year:2014 | Source:2147.00% | Computed:78.90% | Diff:2068.10% | data source issue | Computed OPM (78.90%) differs from source opm_percentage (2147.00%) by 2068.10%
2026-08-29 15:39:42,276 [WARNING] OPM_MISMATCH | CIPLA | Year:2015 | Source:2163.00% | Computed:80.94% | Diff:2082.06% | data source issue | Computed OPM (80.94%) differs from source opm_percentage (2163.00%) by 2082.06%
2026-08-29 15:39:42,280 [WARNING] OPM_MISMATCH | CIPLA | Year:2016 | Source:2480.00% | Computed:82.02% | Diff:2397.98% | data source issue | Computed OPM (82.02%) differs from source opm_percentage (2480.00%) by 2397.98%
2026-08-29 15:39:42,280 [WARNING] OPM_MISMATCH | CIPLA | Year:2017 | Source:2496.00% | Computed:82.66% | Diff:2413.34% | data source issue | Computed OPM (82.66%) differs from source opm_percentage (2496.00%) by 2413.34%
2026-08-29 15:39:42,280 [WARNING] OPM_MISMATCH | CIPLA | Year:2018 | Source:2826.00% | Computed:81.35% | Diff:2744.65% | data source issue | Computed OPM (81.35%) differs from source opm_percentage (2826.00%) by 2744.65%
2026-08-29 15:39:42,284 [WARNING] OPM_MISMATCH | CIPLA | Year:2019 | Source:3097.00% | Computed:81.07% | Diff:3015.93% | data source issue | Computed OPM (81.07%) differs from source opm_percentage (3097.00%) by 3015.93%
2026-08-29 15:39:42,290 [WARNING] OPM_MISMATCH | CIPLA | Year:2020 | Source:3206.00% | Computed:81.29% | Diff:3124.71% | data source issue | Computed OPM (81.29%) differs from source opm_percentage (3206.00%) by 3124.71%
2026-08-29 15:39:42,520 [WARNING] OPM_MISMATCH | CIPLA | Year:2021 | Source:4252.00% | Computed:77.80% | Diff:4174.20% | data source issue | Computed OPM (77.80%) differs from source opm_percentage (4252.00%) by 4174.20%
2026-08-29 15:39:42,520 [WARNING] OPM_MISMATCH | CIPLA | Year:2022 | Source:4553.00% | Computed:79.08% | Diff:4473.92% | data source issue | Computed OPM (79.08%) differs from source opm_percentage (4553.00%) by 4473.92%
2026-08-29 15:39:42,520 [WARNING] OPM_MISMATCH | CIPLA | Year:2023 | Source:5027.00% | Computed:77.91% | Diff:4949.09% | data source issue | Computed OPM (77.91%) differs from source opm_percentage (5027.00%) by 4949.09%
2026-08-29 15:39:42,522 [WARNING] OPM_MISMATCH | CIPLA | Year:2024 | Source:6291.00% | Computed:75.59% | Diff:6215.41% | data source issue | Computed OPM (75.59%) differs from source opm_percentage (6291.00%) by 6215.41%
2026-08-29 15:39:42,522 [WARNING] OPM_MISMATCH | COALINDIA | Year:2013 | Source:18087.00% | Computed:73.52% | Diff:18013.48% | data source issue | Computed OPM (73.52%) differs from source opm_percentage (18087.00%) by 18013.48%
2026-08-29 15:39:42,522 [WARNING] OPM_MISMATCH | COALINDIA | Year:2014 | Source:17766.00% | Computed:74.84% | Diff:17691.16% | data source issue | Computed OPM (74.84%) differs from source opm_percentage (17766.00%) by 17691.16%
2026-08-29 15:39:42,528 [WARNING] OPM_MISMATCH | COALINDIA | Year:2015 | Source:17343.00% | Computed:76.60% | Diff:17266.40% | data source issue | Computed OPM (76.60%) differs from source opm_percentage (17343.00%) by 17266.40%
2026-08-29 15:39:42,530 [WARNING] OPM_MISMATCH | COALINDIA | Year:2016 | Source:18714.00% | Computed:75.96% | Diff:18638.04% | data source issue | Computed OPM (75.96%) differs from source opm_percentage (18714.00%) by 18638.04%
2026-08-29 15:39:42,554 [WARNING] OPM_MISMATCH | COALINDIA | Year:2017 | Source:12448.00% | Computed:84.07% | Diff:12363.93% | data source issue | Computed OPM (84.07%) differs from source opm_percentage (12448.00%) by 12363.93%
2026-08-29 15:39:42,554 [WARNING] OPM_MISMATCH | COALINDIA | Year:2018 | Source:9288.00% | Computed:89.10% | Diff:9198.90% | data source issue | Computed OPM (89.10%) differs from source opm_percentage (9288.00%) by 9198.90%
2026-08-29 15:39:42,556 [WARNING] OPM_MISMATCH | COALINDIA | Year:2019 | Source:25007.00% | Computed:74.89% | Diff:24932.11% | data source issue | Computed OPM (74.89%) differs from source opm_percentage (25007.00%) by 24932.11%
2026-08-29 15:39:42,568 [WARNING] OPM_MISMATCH | COALINDIA | Year:2020 | Source:21581.00% | Computed:77.54% | Diff:21503.46% | data source issue | Computed OPM (77.54%) differs from source opm_percentage (21581.00%) by 21503.46%
2026-08-29 15:39:42,568 [WARNING] OPM_MISMATCH | COALINDIA | Year:2021 | Source:18628.00% | Computed:79.31% | Diff:18548.69% | data source issue | Computed OPM (79.31%) differs from source opm_percentage (18628.00%) by 18548.69%
2026-08-29 15:39:42,568 [WARNING] OPM_MISMATCH | COALINDIA | Year:2022 | Source:24721.00% | Computed:77.47% | Diff:24643.53% | data source issue | Computed OPM (77.47%) differs from source opm_percentage (24721.00%) by 24643.53%
2026-08-29 15:39:42,570 [WARNING] OPM_MISMATCH | COALINDIA | Year:2023 | Source:44232.00% | Computed:68.01% | Diff:44163.99% | data source issue | Computed OPM (68.01%) differs from source opm_percentage (44232.00%) by 44163.99%
2026-08-29 15:39:42,578 [WARNING] OPM_MISMATCH | COALINDIA | Year:2024 | Source:47971.00% | Computed:66.29% | Diff:47904.71% | data source issue | Computed OPM (66.29%) differs from source opm_percentage (47971.00%) by 47904.71%
2026-08-29 15:39:42,580 [WARNING] OPM_MISMATCH | HDFCBANK | Year:2013 | Source:3534.00% | Computed:35.22% | Diff:3498.78% | data source issue | Computed OPM (35.22%) differs from source opm_percentage (3534.00%) by 3498.78%
2026-08-29 15:39:42,581 [WARNING] OPM_MISMATCH | HDFCBANK | Year:2014 | Source:5602.00% | Computed:31.74% | Diff:5570.26% | data source issue | Computed OPM (31.74%) differs from source opm_percentage (5602.00%) by 5570.26%
2026-08-29 15:39:42,585 [WARNING] OPM_MISMATCH | HDFCBANK | Year:2015 | Source:7214.00% | Computed:31.90% | Diff:7182.10% | data source issue | Computed OPM (31.90%) differs from source opm_percentage (7214.00%) by 7182.10%
2026-08-29 15:39:42,590 [WARNING] OPM_MISMATCH | HDFCBANK | Year:2016 | Source:9037.00% | Computed:31.75% | Diff:9005.25% | data source issue | Computed OPM (31.75%) differs from source opm_percentage (9037.00%) by 9005.25%
2026-08-29 15:39:42,590 [WARNING] OPM_MISMATCH | HDFCBANK | Year:2017 | Source:11374.00% | Computed:32.56% | Diff:11341.44% | data source issue | Computed OPM (32.56%) differs from source opm_percentage (11374.00%) by 11341.44%
2026-08-29 15:39:42,590 [WARNING] OPM_MISMATCH | HDFCBANK | Year:2018 | Source:13374.00% | Computed:34.63% | Diff:13339.37% | data source issue | Computed OPM (34.63%) differs from source opm_percentage (13374.00%) by 13339.37%
2026-08-29 15:39:42,592 [WARNING] OPM_MISMATCH | HDFCBANK | Year:2019 | Source:16592.00% | Computed:33.15% | Diff:16558.85% | data source issue | Computed OPM (33.15%) differs from source opm_percentage (16592.00%) by 16558.85%
2026-08-29 15:39:42,592 [WARNING] OPM_MISMATCH | HDFCBANK | Year:2020 | Source:14593.00% | Computed:37.20% | Diff:14555.80% | data source issue | Computed OPM (37.20%) differs from source opm_percentage (14593.00%) by 14555.80%
2026-08-29 15:39:42,593 [WARNING] OPM_MISMATCH | HDFCBANK | Year:2021 | Source:16848.00% | Computed:40.81% | Diff:16807.19% | data source issue | Computed OPM (40.81%) differs from source opm_percentage (16848.00%) by 16807.19%
2026-08-29 15:39:42,593 [WARNING] OPM_MISMATCH | HDFCBANK | Year:2022 | Source:20795.00% | Computed:41.61% | Diff:20753.39% | data source issue | Computed OPM (41.61%) differs from source opm_percentage (20795.00%) by 20753.39%
2026-08-29 15:39:42,593 [WARNING] OPM_MISMATCH | HDFCBANK | Year:2023 | Source:29932.00% | Computed:36.92% | Diff:29895.08% | data source issue | Computed OPM (36.92%) differs from source opm_percentage (29932.00%) by 29895.08%
2026-08-29 15:39:42,608 [WARNING] OPM_MISMATCH | HDFCBANK | Year:2024 | Source:-44685.00% | Computed:61.41% | Diff:44746.41% | data source issue | Computed OPM (61.41%) differs from source opm_percentage (-44685.00%) by 44746.41%
2026-08-29 15:39:42,617 [WARNING] OPM_MISMATCH | HDFCLIFE | Year:2013 | Source:525.00% | Computed:96.27% | Diff:428.73% | data source issue | Computed OPM (96.27%) differs from source opm_percentage (525.00%) by 428.73%
2026-08-29 15:39:42,620 [WARNING] OPM_MISMATCH | HDFCLIFE | Year:2014 | Source:605.00% | Computed:96.48% | Diff:508.52% | data source issue | Computed OPM (96.48%) differs from source opm_percentage (605.00%) by 508.52%
2026-08-29 15:39:42,622 [WARNING] OPM_MISMATCH | HDFCLIFE | Year:2015 | Source:874.00% | Computed:96.79% | Diff:777.21% | data source issue | Computed OPM (96.79%) differs from source opm_percentage (874.00%) by 777.21%
2026-08-29 15:39:42,622 [WARNING] OPM_MISMATCH | HDFCLIFE | Year:2016 | Source:953.00% | Computed:94.74% | Diff:858.26% | data source issue | Computed OPM (94.74%) differs from source opm_percentage (953.00%) by 858.26%
2026-08-29 15:39:42,624 [WARNING] OPM_MISMATCH | HDFCLIFE | Year:2017 | Source:972.00% | Computed:96.83% | Diff:875.17% | data source issue | Computed OPM (96.83%) differs from source opm_percentage (972.00%) by 875.17%
2026-08-29 15:39:42,624 [WARNING] OPM_MISMATCH | HDFCLIFE | Year:2018 | Source:1074.00% | Computed:96.67% | Diff:977.33% | data source issue | Computed OPM (96.67%) differs from source opm_percentage (1074.00%) by 977.33%
2026-08-29 15:39:42,624 [WARNING] OPM_MISMATCH | HDFCLIFE | Year:2019 | Source:1215.00% | Computed:96.87% | Diff:1118.13% | data source issue | Computed OPM (96.87%) differs from source opm_percentage (1215.00%) by 1118.13%
2026-08-29 15:39:42,630 [WARNING] OPM_MISMATCH | HDFCLIFE | Year:2020 | Source:1141.00% | Computed:96.12% | Diff:1044.88% | data source issue | Computed OPM (96.12%) differs from source opm_percentage (1141.00%) by 1044.88%
2026-08-29 15:39:42,632 [WARNING] OPM_MISMATCH | HDFCLIFE | Year:2021 | Source:1235.00% | Computed:98.27% | Diff:1136.73% | data source issue | Computed OPM (98.27%) differs from source opm_percentage (1235.00%) by 1136.73%
2026-08-29 15:39:42,634 [WARNING] OPM_MISMATCH | HDFCLIFE | Year:2022 | Source:778.00% | Computed:98.84% | Diff:679.16% | data source issue | Computed OPM (98.84%) differs from source opm_percentage (778.00%) by 679.16%
2026-08-29 15:39:42,634 [WARNING] OPM_MISMATCH | HDFCLIFE | Year:2023 | Source:80.00% | Computed:99.89% | Diff:19.89% | data source issue | Computed OPM (99.89%) differs from source opm_percentage (80.00%) by 19.89%
2026-08-29 15:39:42,641 [WARNING] OPM_MISMATCH | HDFCLIFE | Year:2024 | Source:531.00% | Computed:99.48% | Diff:431.52% | data source issue | Computed OPM (99.48%) differs from source opm_percentage (531.00%) by 431.52%
2026-08-29 15:39:42,650 [WARNING] OPM_MISMATCH | HEROMOTOCO | Year:2014 | Source:3553.00% | Computed:85.94% | Diff:3467.06% | data source issue | Computed OPM (85.94%) differs from source opm_percentage (3553.00%) by 3467.06%
2026-08-29 15:39:42,650 [WARNING] OPM_MISMATCH | HEROMOTOCO | Year:2015 | Source:3520.00% | Computed:87.22% | Diff:3432.78% | data source issue | Computed OPM (87.22%) differs from source opm_percentage (3520.00%) by 3432.78%
2026-08-29 15:39:42,654 [WARNING] OPM_MISMATCH | HEROMOTOCO | Year:2016 | Source:4424.00% | Computed:84.45% | Diff:4339.55% | data source issue | Computed OPM (84.45%) differs from source opm_percentage (4424.00%) by 4339.55%
2026-08-29 15:39:42,654 [WARNING] OPM_MISMATCH | HEROMOTOCO | Year:2017 | Source:4585.00% | Computed:83.97% | Diff:4501.03% | data source issue | Computed OPM (83.97%) differs from source opm_percentage (4585.00%) by 4501.03%
2026-08-29 15:39:42,656 [WARNING] OPM_MISMATCH | HEROMOTOCO | Year:2018 | Source:5334.00% | Computed:83.57% | Diff:5250.43% | data source issue | Computed OPM (83.57%) differs from source opm_percentage (5334.00%) by 5250.43%
2026-08-29 15:39:42,656 [WARNING] OPM_MISMATCH | HEROMOTOCO | Year:2019 | Source:5025.00% | Computed:85.21% | Diff:4939.79% | data source issue | Computed OPM (85.21%) differs from source opm_percentage (5025.00%) by 4939.79%
2026-08-29 15:39:42,656 [WARNING] OPM_MISMATCH | HEROMOTOCO | Year:2020 | Source:4070.00% | Computed:86.09% | Diff:3983.91% | data source issue | Computed OPM (86.09%) differs from source opm_percentage (4070.00%) by 3983.91%
2026-08-29 15:39:42,656 [WARNING] OPM_MISMATCH | HEROMOTOCO | Year:2021 | Source:4058.00% | Computed:86.90% | Diff:3971.10% | data source issue | Computed OPM (86.90%) differs from source opm_percentage (4058.00%) by 3971.10%
2026-08-29 15:39:42,662 [WARNING] OPM_MISMATCH | HEROMOTOCO | Year:2022 | Source:3256.00% | Computed:88.98% | Diff:3167.02% | data source issue | Computed OPM (88.98%) differs from source opm_percentage (3256.00%) by 3167.02%
2026-08-29 15:39:42,665 [WARNING] OPM_MISMATCH | HEROMOTOCO | Year:2023 | Source:4099.00% | Computed:88.00% | Diff:4011.00% | data source issue | Computed OPM (88.00%) differs from source opm_percentage (4099.00%) by 4011.00%
2026-08-29 15:39:42,677 [WARNING] OPM_MISMATCH | HEROMOTOCO | Year:2024 | Source:5235.00% | Computed:86.15% | Diff:5148.85% | data source issue | Computed OPM (86.15%) differs from source opm_percentage (5235.00%) by 5148.85%
2026-08-29 15:39:42,679 [WARNING] OPM_MISMATCH | HINDALCO | Year:2013 | Source:7699.00% | Computed:90.40% | Diff:7608.60% | data source issue | Computed OPM (90.40%) differs from source opm_percentage (7699.00%) by 7608.60%
2026-08-29 15:39:42,679 [WARNING] OPM_MISMATCH | HINDALCO | Year:2014 | Source:8024.00% | Computed:90.85% | Diff:7933.15% | data source issue | Computed OPM (90.85%) differs from source opm_percentage (8024.00%) by 7933.15%
2026-08-29 15:39:42,680 [WARNING] OPM_MISMATCH | HINDALCO | Year:2015 | Source:8844.00% | Computed:91.52% | Diff:8752.48% | data source issue | Computed OPM (91.52%) differs from source opm_percentage (8844.00%) by 8752.48%
2026-08-29 15:39:42,683 [WARNING] OPM_MISMATCH | HINDALCO | Year:2016 | Source:7778.00% | Computed:92.12% | Diff:7685.88% | data source issue | Computed OPM (92.12%) differs from source opm_percentage (7778.00%) by 7685.88%
2026-08-29 15:39:42,685 [WARNING] OPM_MISMATCH | HINDALCO | Year:2017 | Source:12317.00% | Computed:87.71% | Diff:12229.29% | data source issue | Computed OPM (87.71%) differs from source opm_percentage (12317.00%) by 12229.29%
2026-08-29 15:39:42,690 [WARNING] OPM_MISMATCH | HINDALCO | Year:2018 | Source:13695.00% | Computed:88.11% | Diff:13606.89% | data source issue | Computed OPM (88.11%) differs from source opm_percentage (13695.00%) by 13606.89%
2026-08-29 15:39:42,692 [WARNING] OPM_MISMATCH | HINDALCO | Year:2019 | Source:15511.00% | Computed:88.12% | Diff:15422.88% | data source issue | Computed OPM (88.12%) differs from source opm_percentage (15511.00%) by 15422.88%
2026-08-29 15:39:42,692 [WARNING] OPM_MISMATCH | HINDALCO | Year:2020 | Source:14306.00% | Computed:87.89% | Diff:14218.11% | data source issue | Computed OPM (87.89%) differs from source opm_percentage (14306.00%) by 14218.11%
2026-08-29 15:39:42,693 [WARNING] OPM_MISMATCH | HINDALCO | Year:2021 | Source:17559.00% | Computed:86.70% | Diff:17472.30% | data source issue | Computed OPM (86.70%) differs from source opm_percentage (17559.00%) by 17472.30%
2026-08-29 15:39:42,704 [WARNING] OPM_MISMATCH | HINDALCO | Year:2022 | Source:28347.00% | Computed:85.47% | Diff:28261.53% | data source issue | Computed OPM (85.47%) differs from source opm_percentage (28347.00%) by 28261.53%
2026-08-29 15:39:42,704 [WARNING] OPM_MISMATCH | HINDALCO | Year:2023 | Source:22666.00% | Computed:89.85% | Diff:22576.15% | data source issue | Computed OPM (89.85%) differs from source opm_percentage (22666.00%) by 22576.15%
2026-08-29 15:39:42,706 [WARNING] OPM_MISMATCH | HINDALCO | Year:2024 | Source:23872.00% | Computed:88.95% | Diff:23783.05% | data source issue | Computed OPM (88.95%) differs from source opm_percentage (23872.00%) by 23783.05%
2026-08-29 15:39:42,710 [WARNING] OPM_MISMATCH | HINDUNILVR | Year:2013 | Source:4220.00% | Computed:84.37% | Diff:4135.63% | data source issue | Computed OPM (84.37%) differs from source opm_percentage (4220.00%) by 4135.63%
2026-08-29 15:39:42,710 [WARNING] OPM_MISMATCH | HINDUNILVR | Year:2014 | Source:4759.00% | Computed:83.72% | Diff:4675.28% | data source issue | Computed OPM (83.72%) differs from source opm_percentage (4759.00%) by 4675.28%
2026-08-29 15:39:42,712 [WARNING] OPM_MISMATCH | HINDUNILVR | Year:2015 | Source:5412.00% | Computed:83.07% | Diff:5328.93% | data source issue | Computed OPM (83.07%) differs from source opm_percentage (5412.00%) by 5328.93%
2026-08-29 15:39:42,717 [WARNING] OPM_MISMATCH | HINDUNILVR | Year:2016 | Source:5910.00% | Computed:81.64% | Diff:5828.36% | data source issue | Computed OPM (81.64%) differs from source opm_percentage (5910.00%) by 5828.36%
2026-08-29 15:39:42,719 [WARNING] OPM_MISMATCH | HINDUNILVR | Year:2017 | Source:6328.00% | Computed:80.92% | Diff:6247.08% | data source issue | Computed OPM (80.92%) differs from source opm_percentage (6328.00%) by 6247.08%
2026-08-29 15:39:42,719 [WARNING] OPM_MISMATCH | HINDUNILVR | Year:2018 | Source:7499.00% | Computed:78.90% | Diff:7420.10% | data source issue | Computed OPM (78.90%) differs from source opm_percentage (7499.00%) by 7420.10%
2026-08-29 15:39:42,720 [WARNING] OPM_MISMATCH | HINDUNILVR | Year:2019 | Source:8880.00% | Computed:77.41% | Diff:8802.59% | data source issue | Computed OPM (77.41%) differs from source opm_percentage (8880.00%) by 8802.59%
2026-08-29 15:39:42,722 [WARNING] OPM_MISMATCH | HINDUNILVR | Year:2020 | Source:9861.00% | Computed:75.21% | Diff:9785.79% | data source issue | Computed OPM (75.21%) differs from source opm_percentage (9861.00%) by 9785.79%
2026-08-29 15:39:42,722 [WARNING] OPM_MISMATCH | HINDUNILVR | Year:2021 | Source:11626.00% | Computed:75.28% | Diff:11550.72% | data source issue | Computed OPM (75.28%) differs from source opm_percentage (11626.00%) by 11550.72%
2026-08-29 15:39:42,732 [WARNING] OPM_MISMATCH | HINDUNILVR | Year:2022 | Source:12857.00% | Computed:75.49% | Diff:12781.51% | data source issue | Computed OPM (75.49%) differs from source opm_percentage (12857.00%) by 12781.51%
2026-08-29 15:39:42,736 [WARNING] OPM_MISMATCH | HINDUNILVR | Year:2023 | Source:14147.00% | Computed:76.65% | Diff:14070.35% | data source issue | Computed OPM (76.65%) differs from source opm_percentage (14147.00%) by 14070.35%
2026-08-29 15:39:42,752 [WARNING] OPM_MISMATCH | HINDUNILVR | Year:2024 | Source:14659.00% | Computed:76.32% | Diff:14582.68% | data source issue | Computed OPM (76.32%) differs from source opm_percentage (14659.00%) by 14582.68%
2026-08-29 15:39:42,754 [WARNING] OPM_MISMATCH | ICICIBANK | Year:2013 | Source:-15085.00% | Computed:70.59% | Diff:15155.59% | data source issue | Computed OPM (70.59%) differs from source opm_percentage (-15085.00%) by 15155.59%
2026-08-29 15:39:42,756 [WARNING] OPM_MISMATCH | ICICIBANK | Year:2014 | Source:-13084.00% | Computed:66.40% | Diff:13150.40% | data source issue | Computed OPM (66.40%) differs from source opm_percentage (-13084.00%) by 13150.40%
2026-08-29 15:39:42,764 [WARNING] OPM_MISMATCH | ICICIBANK | Year:2015 | Source:-16120.00% | Computed:70.53% | Diff:16190.53% | data source issue | Computed OPM (70.53%) differs from source opm_percentage (-16120.00%) by 16190.53%
2026-08-29 15:39:42,764 [WARNING] OPM_MISMATCH | ICICIBANK | Year:2016 | Source:-26955.00% | Computed:88.12% | Diff:27043.12% | data source issue | Computed OPM (88.12%) differs from source opm_percentage (-26955.00%) by 27043.12%
2026-08-29 15:39:42,764 [WARNING] OPM_MISMATCH | ICICIBANK | Year:2017 | Source:-37737.00% | Computed:104.76% | Diff:37841.76% | data source issue | Computed OPM (104.76%) differs from source opm_percentage (-37737.00%) by 37841.76%
2026-08-29 15:39:42,764 [WARNING] OPM_MISMATCH | ICICIBANK | Year:2018 | Source:-44906.00% | Computed:117.12% | Diff:45023.12% | data source issue | Computed OPM (117.12%) differs from source opm_percentage (-44906.00%) by 45023.12%
2026-08-29 15:39:42,766 [WARNING] OPM_MISMATCH | ICICIBANK | Year:2019 | Source:-50971.00% | Computed:116.38% | Diff:51087.38% | data source issue | Computed OPM (116.38%) differs from source opm_percentage (-50971.00%) by 51087.38%
2026-08-29 15:39:42,772 [WARNING] OPM_MISMATCH | ICICIBANK | Year:2020 | Source:-45190.00% | Computed:100.62% | Diff:45290.62% | data source issue | Computed OPM (100.62%) differs from source opm_percentage (-45190.00%) by 45290.62%
2026-08-29 15:39:42,772 [WARNING] OPM_MISMATCH | ICICIBANK | Year:2021 | Source:-44805.00% | Computed:102.41% | Diff:44907.41% | data source issue | Computed OPM (102.41%) differs from source opm_percentage (-44805.00%) by 44907.41%
2026-08-29 15:39:42,780 [WARNING] OPM_MISMATCH | ICICIBANK | Year:2022 | Source:-26558.00% | Computed:84.69% | Diff:26642.69% | data source issue | Computed OPM (84.69%) differs from source opm_percentage (-26558.00%) by 26642.69%
2026-08-29 15:39:42,780 [WARNING] OPM_MISMATCH | ICICIBANK | Year:2023 | Source:-17341.00% | Computed:72.57% | Diff:17413.57% | data source issue | Computed OPM (72.57%) differs from source opm_percentage (-17341.00%) by 17413.57%
2026-08-29 15:39:42,784 [WARNING] OPM_MISMATCH | ICICIBANK | Year:2024 | Source:-14152.00% | Computed:62.41% | Diff:14214.41% | data source issue | Computed OPM (62.41%) differs from source opm_percentage (-14152.00%) by 14214.41%
2026-08-29 15:39:42,784 [WARNING] OPM_MISMATCH | ICICIGI | Year:2013 | Source:-178.00% | Computed:104.46% | Diff:282.46% | data source issue | Computed OPM (104.46%) differs from source opm_percentage (-178.00%) by 282.46%
2026-08-29 15:39:42,789 [WARNING] OPM_MISMATCH | ICICIGI | Year:2014 | Source:-225.00% | Computed:105.19% | Diff:330.19% | data source issue | Computed OPM (105.19%) differs from source opm_percentage (-225.00%) by 330.19%
2026-08-29 15:39:42,791 [WARNING] OPM_MISMATCH | ICICIGI | Year:2015 | Source:-221.00% | Computed:105.24% | Diff:326.24% | data source issue | Computed OPM (105.24%) differs from source opm_percentage (-221.00%) by 326.24%
2026-08-29 15:39:42,792 [WARNING] OPM_MISMATCH | ICICIGI | Year:2016 | Source:764.00% | Computed:87.34% | Diff:676.66% | data source issue | Computed OPM (87.34%) differs from source opm_percentage (764.00%) by 676.66%
2026-08-29 15:39:42,792 [WARNING] OPM_MISMATCH | ICICIGI | Year:2017 | Source:919.00% | Computed:87.78% | Diff:831.22% | data source issue | Computed OPM (87.78%) differs from source opm_percentage (919.00%) by 831.22%
2026-08-29 15:39:42,792 [WARNING] OPM_MISMATCH | ICICIGI | Year:2018 | Source:-262.00% | Computed:103.79% | Diff:365.79% | data source issue | Computed OPM (103.79%) differs from source opm_percentage (-262.00%) by 365.79%
2026-08-29 15:39:42,805 [WARNING] OPM_MISMATCH | ICICIGI | Year:2019 | Source:1669.00% | Computed:85.05% | Diff:1583.95% | data source issue | Computed OPM (85.05%) differs from source opm_percentage (1669.00%) by 1583.95%
2026-08-29 15:39:42,805 [WARNING] OPM_MISMATCH | ICICIGI | Year:2020 | Source:1772.00% | Computed:84.61% | Diff:1687.39% | data source issue | Computed OPM (84.61%) differs from source opm_percentage (1772.00%) by 1687.39%
2026-08-29 15:39:42,814 [WARNING] OPM_MISMATCH | ICICIGI | Year:2021 | Source:2072.00% | Computed:82.97% | Diff:1989.03% | data source issue | Computed OPM (82.97%) differs from source opm_percentage (2072.00%) by 1989.03%
2026-08-29 15:39:42,814 [WARNING] OPM_MISMATCH | ICICIGI | Year:2022 | Source:1016.00% | Computed:93.66% | Diff:922.34% | data source issue | Computed OPM (93.66%) differs from source opm_percentage (1016.00%) by 922.34%
2026-08-29 15:39:42,816 [WARNING] OPM_MISMATCH | ICICIGI | Year:2023 | Source:1264.00% | Computed:92.93% | Diff:1171.07% | data source issue | Computed OPM (92.93%) differs from source opm_percentage (1264.00%) by 1171.07%
2026-08-29 15:39:42,819 [WARNING] OPM_MISMATCH | ICICIGI | Year:2024 | Source:2577.00% | Computed:87.42% | Diff:2489.58% | data source issue | Computed OPM (87.42%) differs from source opm_percentage (2577.00%) by 2489.58%
2026-08-29 15:39:42,820 [WARNING] OPM_MISMATCH | ICICIPRULI | Year:2013 | Source:745.00% | Computed:96.28% | Diff:648.72% | data source issue | Computed OPM (96.28%) differs from source opm_percentage (745.00%) by 648.72%
2026-08-29 15:39:42,820 [WARNING] OPM_MISMATCH | ICICIPRULI | Year:2014 | Source:1504.00% | Computed:93.13% | Diff:1410.87% | data source issue | Computed OPM (93.13%) differs from source opm_percentage (1504.00%) by 1410.87%
2026-08-29 15:39:42,828 [WARNING] OPM_MISMATCH | ICICIPRULI | Year:2015 | Source:1655.00% | Computed:95.20% | Diff:1559.80% | data source issue | Computed OPM (95.20%) differs from source opm_percentage (1655.00%) by 1559.80%
2026-08-29 15:39:42,828 [WARNING] OPM_MISMATCH | ICICIPRULI | Year:2016 | Source:1842.00% | Computed:91.17% | Diff:1750.83% | data source issue | Computed OPM (91.17%) differs from source opm_percentage (1842.00%) by 1750.83%
2026-08-29 15:39:42,828 [WARNING] OPM_MISMATCH | ICICIPRULI | Year:2017 | Source:1806.00% | Computed:95.22% | Diff:1710.78% | data source issue | Computed OPM (95.22%) differs from source opm_percentage (1806.00%) by 1710.78%
2026-08-29 15:39:42,830 [WARNING] OPM_MISMATCH | ICICIPRULI | Year:2018 | Source:1771.00% | Computed:95.44% | Diff:1675.56% | data source issue | Computed OPM (95.44%) differs from source opm_percentage (1771.00%) by 1675.56%
2026-08-29 15:39:42,836 [WARNING] OPM_MISMATCH | ICICIPRULI | Year:2019 | Source:541.00% | Computed:98.70% | Diff:442.30% | data source issue | Computed OPM (98.70%) differs from source opm_percentage (541.00%) by 442.30%
2026-08-29 15:39:42,838 [WARNING] OPM_MISMATCH | ICICIPRULI | Year:2020 | Source:-319.00% | Computed:101.52% | Diff:420.52% | data source issue | Computed OPM (101.52%) differs from source opm_percentage (-319.00%) by 420.52%
2026-08-29 15:39:42,838 [WARNING] OPM_MISMATCH | ICICIPRULI | Year:2021 | Source:-390.00% | Computed:100.47% | Diff:490.47% | data source issue | Computed OPM (100.47%) differs from source opm_percentage (-390.00%) by 490.47%
2026-08-29 15:39:42,838 [WARNING] OPM_MISMATCH | ICICIPRULI | Year:2022 | Source:-2163.00% | Computed:103.40% | Diff:2266.40% | data source issue | Computed OPM (103.40%) differs from source opm_percentage (-2163.00%) by 2266.40%
2026-08-29 15:39:42,838 [WARNING] OPM_MISMATCH | ICICIPRULI | Year:2023 | Source:-1757.00% | Computed:103.48% | Diff:1860.48% | data source issue | Computed OPM (103.48%) differs from source opm_percentage (-1757.00%) by 1860.48%
2026-08-29 15:39:42,840 [WARNING] OPM_MISMATCH | ICICIPRULI | Year:2024 | Source:-1829.00% | Computed:102.03% | Diff:1931.03% | data source issue | Computed OPM (102.03%) differs from source opm_percentage (-1829.00%) by 1931.03%
2026-08-29 15:39:42,840 [WARNING] OPM_MISMATCH | INDIGO | Year:2013 | Source:855.00% | Computed:90.71% | Diff:764.29% | data source issue | Computed OPM (90.71%) differs from source opm_percentage (855.00%) by 764.29%
2026-08-29 15:39:42,842 [WARNING] OPM_MISMATCH | INDIGO | Year:2014 | Source:433.00% | Computed:96.11% | Diff:336.89% | data source issue | Computed OPM (96.11%) differs from source opm_percentage (433.00%) by 336.89%
2026-08-29 15:39:42,846 [WARNING] OPM_MISMATCH | INDIGO | Year:2015 | Source:1904.00% | Computed:86.33% | Diff:1817.67% | data source issue | Computed OPM (86.33%) differs from source opm_percentage (1904.00%) by 1817.67%
2026-08-29 15:39:42,848 [WARNING] OPM_MISMATCH | INDIGO | Year:2016 | Source:3164.00% | Computed:80.40% | Diff:3083.60% | data source issue | Computed OPM (80.40%) differs from source opm_percentage (3164.00%) by 3083.60%
2026-08-29 15:39:42,848 [WARNING] OPM_MISMATCH | INDIGO | Year:2017 | Source:2219.00% | Computed:88.06% | Diff:2130.94% | data source issue | Computed OPM (88.06%) differs from source opm_percentage (2219.00%) by 2130.94%
2026-08-29 15:39:42,866 [WARNING] OPM_MISMATCH | INDIGO | Year:2018 | Source:3030.00% | Computed:86.84% | Diff:2943.16% | data source issue | Computed OPM (86.84%) differs from source opm_percentage (3030.00%) by 2943.16%
2026-08-29 15:39:42,866 [WARNING] OPM_MISMATCH | INDIGO | Year:2019 | Source:-151.00% | Computed:100.53% | Diff:251.53% | data source issue | Computed OPM (100.53%) differs from source opm_percentage (-151.00%) by 251.53%
2026-08-29 15:39:42,868 [WARNING] OPM_MISMATCH | INDIGO | Year:2020 | Source:4069.00% | Computed:88.62% | Diff:3980.38% | data source issue | Computed OPM (88.62%) differs from source opm_percentage (4069.00%) by 3980.38%
2026-08-29 15:39:42,869 [WARNING] OPM_MISMATCH | INDIGO | Year:2021 | Source:2.00% | Computed:99.98% | Diff:97.98% | data source issue | Computed OPM (99.98%) differs from source opm_percentage (2.00%) by 97.98%
2026-08-29 15:39:42,869 [WARNING] OPM_MISMATCH | INDIGO | Year:2022 | Source:558.00% | Computed:97.85% | Diff:460.15% | data source issue | Computed OPM (97.85%) differs from source opm_percentage (558.00%) by 460.15%
2026-08-29 15:39:42,870 [WARNING] OPM_MISMATCH | INDIGO | Year:2023 | Source:6521.00% | Computed:88.02% | Diff:6432.98% | data source issue | Computed OPM (88.02%) differs from source opm_percentage (6521.00%) by 6432.98%
2026-08-29 15:39:42,870 [WARNING] OPM_MISMATCH | INDIGO | Year:2024 | Source:16331.00% | Computed:76.30% | Diff:16254.70% | data source issue | Computed OPM (76.30%) differs from source opm_percentage (16331.00%) by 16254.70%
2026-08-29 15:39:42,870 [WARNING] OPM_MISMATCH | INDUSINDBK | Year:2013 | Source:286.00% | Computed:27.88% | Diff:258.12% | data source issue | Computed OPM (27.88%) differs from source opm_percentage (286.00%) by 258.12%
2026-08-29 15:39:42,870 [WARNING] OPM_MISMATCH | INDUSINDBK | Year:2014 | Source:335.00% | Computed:30.95% | Diff:304.05% | data source issue | Computed OPM (30.95%) differs from source opm_percentage (335.00%) by 304.05%
2026-08-29 15:39:42,870 [WARNING] OPM_MISMATCH | INDUSINDBK | Year:2015 | Source:288.00% | Computed:32.33% | Diff:255.67% | data source issue | Computed OPM (32.33%) differs from source opm_percentage (288.00%) by 255.67%
2026-08-29 15:39:42,870 [WARNING] OPM_MISMATCH | INDUSINDBK | Year:2016 | Source:329.00% | Computed:35.28% | Diff:293.72% | data source issue | Computed OPM (35.28%) differs from source opm_percentage (329.00%) by 293.72%
2026-08-29 15:39:42,872 [WARNING] OPM_MISMATCH | INDUSINDBK | Year:2017 | Source:379.00% | Computed:39.46% | Diff:339.54% | data source issue | Computed OPM (39.46%) differs from source opm_percentage (379.00%) by 339.54%
2026-08-29 15:39:42,876 [WARNING] OPM_MISMATCH | INDUSINDBK | Year:2018 | Source:942.00% | Computed:37.93% | Diff:904.07% | data source issue | Computed OPM (37.93%) differs from source opm_percentage (942.00%) by 904.07%
2026-08-29 15:39:42,878 [WARNING] OPM_MISMATCH | INDUSINDBK | Year:2019 | Source:-437.00% | Computed:41.70% | Diff:478.70% | data source issue | Computed OPM (41.70%) differs from source opm_percentage (-437.00%) by 478.70%
2026-08-29 15:39:42,880 [WARNING] OPM_MISMATCH | INDUSINDBK | Year:2020 | Source:-553.00% | Computed:43.81% | Diff:596.81% | data source issue | Computed OPM (43.81%) differs from source opm_percentage (-553.00%) by 596.81%
2026-08-29 15:39:42,880 [WARNING] OPM_MISMATCH | INDUSINDBK | Year:2021 | Source:-2469.00% | Computed:55.16% | Diff:2524.16% | data source issue | Computed OPM (55.16%) differs from source opm_percentage (-2469.00%) by 2524.16%
2026-08-29 15:39:42,886 [WARNING] OPM_MISMATCH | INDUSINDBK | Year:2022 | Source:-839.00% | Computed:51.39% | Diff:890.39% | data source issue | Computed OPM (51.39%) differs from source opm_percentage (-839.00%) by 890.39%
2026-08-29 15:39:42,887 [WARNING] OPM_MISMATCH | INDUSINDBK | Year:2023 | Source:2067.00% | Computed:42.69% | Diff:2024.31% | data source issue | Computed OPM (42.69%) differs from source opm_percentage (2067.00%) by 2024.31%
2026-08-29 15:39:42,887 [WARNING] OPM_MISMATCH | INDUSINDBK | Year:2024 | Source:2978.00% | Computed:38.55% | Diff:2939.45% | data source issue | Computed OPM (38.55%) differs from source opm_percentage (2978.00%) by 2939.45%
2026-08-29 15:39:42,887 [WARNING] OPM_MISMATCH | JIOFIN | Year:2023 | Source:88.00% | Computed:86.67% | Diff:1.33% | data source issue | Computed OPM (86.67%) differs from source opm_percentage (88.00%) by 1.33%
2026-08-29 15:39:42,889 [WARNING] OPM_MISMATCH | KOTAKBANK | Year:2013 | Source:-1789.00% | Computed:60.92% | Diff:1849.92% | data source issue | Computed OPM (60.92%) differs from source opm_percentage (-1789.00%) by 1849.92%
2026-08-29 15:39:42,896 [WARNING] OPM_MISMATCH | KOTAKBANK | Year:2014 | Source:-1379.00% | Computed:58.84% | Diff:1437.84% | data source issue | Computed OPM (58.84%) differs from source opm_percentage (-1379.00%) by 1437.84%
2026-08-29 15:39:42,900 [WARNING] OPM_MISMATCH | KOTAKBANK | Year:2015 | Source:-3366.00% | Computed:72.96% | Diff:3438.96% | data source issue | Computed OPM (72.96%) differs from source opm_percentage (-3366.00%) by 3438.96%
2026-08-29 15:39:42,918 [WARNING] OPM_MISMATCH | KOTAKBANK | Year:2016 | Source:-2263.00% | Computed:56.57% | Diff:2319.57% | data source issue | Computed OPM (56.57%) differs from source opm_percentage (-2263.00%) by 2319.57%
2026-08-29 15:39:42,920 [WARNING] OPM_MISMATCH | KOTAKBANK | Year:2017 | Source:-3965.00% | Computed:66.44% | Diff:4031.44% | data source issue | Computed OPM (66.44%) differs from source opm_percentage (-3965.00%) by 4031.44%
2026-08-29 15:39:42,920 [WARNING] OPM_MISMATCH | KOTAKBANK | Year:2018 | Source:-4141.00% | Computed:66.87% | Diff:4207.87% | data source issue | Computed OPM (66.87%) differs from source opm_percentage (-4141.00%) by 4207.87%
2026-08-29 15:39:42,920 [WARNING] OPM_MISMATCH | KOTAKBANK | Year:2019 | Source:-5114.00% | Computed:66.23% | Diff:5180.23% | data source issue | Computed OPM (66.23%) differs from source opm_percentage (-5114.00%) by 5180.23%
2026-08-29 15:39:42,929 [WARNING] OPM_MISMATCH | KOTAKBANK | Year:2020 | Source:-5005.00% | Computed:67.45% | Diff:5072.45% | data source issue | Computed OPM (67.45%) differs from source opm_percentage (-5005.00%) by 5072.45%
2026-08-29 15:39:42,931 [WARNING] OPM_MISMATCH | KOTAKBANK | Year:2021 | Source:-9958.00% | Computed:90.83% | Diff:10048.83% | data source issue | Computed OPM (90.83%) differs from source opm_percentage (-9958.00%) by 10048.83%
2026-08-29 15:39:42,937 [WARNING] OPM_MISMATCH | KOTAKBANK | Year:2022 | Source:-8512.00% | Computed:90.98% | Diff:8602.98% | data source issue | Computed OPM (90.98%) differs from source opm_percentage (-8512.00%) by 8602.98%
2026-08-29 15:39:42,937 [WARNING] OPM_MISMATCH | KOTAKBANK | Year:2023 | Source:-5746.00% | Computed:79.44% | Diff:5825.44% | data source issue | Computed OPM (79.44%) differs from source opm_percentage (-5746.00%) by 5825.44%
2026-08-29 15:39:42,939 [WARNING] OPM_MISMATCH | KOTAKBANK | Year:2024 | Source:-13382.00% | Computed:83.67% | Diff:13465.67% | data source issue | Computed OPM (83.67%) differs from source opm_percentage (-13382.00%) by 13465.67%
2026-08-29 15:39:42,939 [WARNING] OPM_MISMATCH | SUNPHARMA | Year:2024 | Source:28.00% | Computed:26.84% | Diff:1.16% | data source issue | Computed OPM (26.84%) differs from source opm_percentage (28.00%) by 1.16%
2026-08-29 15:39:44,962 [INFO] Exported sector_roce_notes.csv with 246 rows.
2026-08-29 15:39:44,964 [INFO] Cross-checking computed ROE vs source roe_percentage from companies table...
2026-08-29 15:39:45,048 [WARNING] ROE_ANOMALY | ADANIENT | Source roe_percentage:13.6400 | Computed ROE (latest year):8.5347 | Diff:5.1053 | category: version difference | explanation: Computed annual ROE (8.53%) differs from companies table static snapshot roe_percentage (13.64%) by 5.11% due to TTM vs annual fiscal year period.
2026-08-29 15:39:45,110 [WARNING] ROE_ANOMALY | ADANIPOWER | Source roe_percentage:57.1000 | Computed ROE (latest year):48.2767 | Diff:8.8233 | category: version difference | explanation: Computed annual ROE (48.28%) differs from companies table static snapshot roe_percentage (57.10%) by 8.82% due to TTM vs annual fiscal year period.
2026-08-29 15:39:45,348 [WARNING] ROE_ANOMALY | BAJAJFINSV | Source roe_percentage:11.7200 | Computed ROE (latest year):25.8504 | Diff:14.1304 | category: version difference | explanation: Computed annual ROE (25.85%) differs from companies table static snapshot roe_percentage (11.72%) by 14.13% due to TTM vs annual fiscal year period.
2026-08-29 15:39:45,577 [WARNING] ROE_ANOMALY | BEL | Source roe_percentage:26.3000 | Computed ROE (latest year):4744.0476 | Diff:4717.7476 | category: version difference | explanation: Computed annual ROE (4744.05%) differs from companies table static snapshot roe_percentage (26.30%) by 4717.75% due to TTM vs annual fiscal year period.
2026-08-29 15:39:45,804 [WARNING] ROE_ANOMALY | BPCL | Source roe_percentage:41.9000 | Computed ROE (latest year):35.5113 | Diff:6.3887 | category: version difference | explanation: Computed annual ROE (35.51%) differs from companies table static snapshot roe_percentage (41.90%) by 6.39% due to TTM vs annual fiscal year period.
2026-08-29 15:39:45,999 [WARNING] ROE_ANOMALY | COALINDIA | Source roe_percentage:52.0000 | Computed ROE (latest year):45.1698 | Diff:6.8302 | category: version difference | explanation: Computed annual ROE (45.17%) differs from companies table static snapshot roe_percentage (52.00%) by 6.83% due to TTM vs annual fiscal year period.
2026-08-29 15:39:46,906 [WARNING] ROE_ANOMALY | GODREJCP | Source roe_percentage:6.7700 | Computed ROE (latest year):-4.4531 | Diff:11.2231 | category: version difference | explanation: Computed annual ROE (-4.45%) differs from companies table static snapshot roe_percentage (6.77%) by 11.22% due to TTM vs annual fiscal year period.
2026-08-29 15:39:46,962 [WARNING] ROE_ANOMALY | HAL | Source roe_percentage:28.9000 | Computed ROE (latest year):3816.5829 | Diff:3787.6829 | category: version difference | explanation: Computed annual ROE (3816.58%) differs from companies table static snapshot roe_percentage (28.90%) by 3787.68% due to TTM vs annual fiscal year period.
2026-08-29 15:39:47,601 [WARNING] ROE_ANOMALY | IRCTC | Source roe_percentage:40.4000 | Computed ROE (latest year):34.3963 | Diff:6.0037 | category: version difference | explanation: Computed annual ROE (34.40%) differs from companies table static snapshot roe_percentage (40.40%) by 6.00% due to TTM vs annual fiscal year period.
2026-08-29 15:39:47,946 [WARNING] ROE_ANOMALY | LICI | Source roe_percentage:63.6100 | Computed ROE (latest year):49.4471 | Diff:14.1629 | category: version difference | explanation: Computed annual ROE (49.45%) differs from companies table static snapshot roe_percentage (63.61%) by 14.16% due to TTM vs annual fiscal year period.
2026-08-29 15:39:48,009 [WARNING] ROE_ANOMALY | LT | Source roe_percentage:10.4900 | Computed ROE (latest year):77.6651 | Diff:67.1751 | category: version difference | explanation: Computed annual ROE (77.67%) differs from companies table static snapshot roe_percentage (10.49%) by 67.18% due to TTM vs annual fiscal year period.
2026-08-29 15:39:48,170 [WARNING] ROE_ANOMALY | NESTLEIND | Source roe_percentage:135.6100 | Computed ROE (latest year):117.7545 | Diff:17.8555 | category: version difference | explanation: Computed annual ROE (117.75%) differs from companies table static snapshot roe_percentage (135.61%) by 17.86% due to TTM vs annual fiscal year period.
2026-08-29 15:39:48,292 [WARNING] ROE_ANOMALY | PFC | Source roe_percentage:19.4900 | Computed ROE (latest year):26.1609 | Diff:6.6709 | category: version difference | explanation: Computed annual ROE (26.16%) differs from companies table static snapshot roe_percentage (19.49%) by 6.67% due to TTM vs annual fiscal year period.
2026-08-29 15:39:48,394 [WARNING] ROE_ANOMALY | PNB | Source roe_percentage:8.7000 | Computed ROE (latest year):61.3206 | Diff:52.6206 | category: version difference | explanation: Computed annual ROE (61.32%) differs from companies table static snapshot roe_percentage (8.70%) by 52.62% due to TTM vs annual fiscal year period.
2026-08-29 15:39:48,780 [WARNING] ROE_ANOMALY | TATAMOTORS | Source roe_percentage:49.4000 | Computed ROE (latest year):37.4561 | Diff:11.9439 | category: version difference | explanation: Computed annual ROE (37.46%) differs from companies table static snapshot roe_percentage (49.40%) by 11.94% due to TTM vs annual fiscal year period.
2026-08-29 15:39:48,944 [WARNING] ROE_ANOMALY | TATASTEEL | Source roe_percentage:6.5500 | Computed ROE (latest year):-5.3349 | Diff:11.8849 | category: version difference | explanation: Computed annual ROE (-5.33%) differs from companies table static snapshot roe_percentage (6.55%) by 11.88% due to TTM vs annual fiscal year period.
2026-08-29 15:39:48,989 [WARNING] ROE_ANOMALY | TCS | Source roe_percentage:0.5200 | Computed ROE (latest year):50.9443 | Diff:50.4243 | category: version difference | explanation: Computed annual ROE (50.94%) differs from companies table static snapshot roe_percentage (0.52%) by 50.42% due to TTM vs annual fiscal year period.
2026-08-29 15:39:49,220 [WARNING] ROE_ANOMALY | TRENT | Source roe_percentage:27.2000 | Computed ROE (latest year):36.3078 | Diff:9.1078 | category: version difference | explanation: Computed annual ROE (36.31%) differs from companies table static snapshot roe_percentage (27.20%) by 9.11% due to TTM vs annual fiscal year period.
2026-08-29 15:39:49,226 [INFO] Cross-checking computed ROCE vs source roce_percentage from companies table...
2026-08-29 15:39:49,368 [WARNING] ROCE_ANOMALY | ADANIGREEN | Source roce_percentage:96.5000 | Computed ROCE (latest year):11.4872 | Diff:85.0128 | category: version difference | explanation: Computed annual ROCE (11.49%) differs from companies table static snapshot roce_percentage (96.50%) by 85.01% due to TTM vs annual fiscal year period.
2026-08-29 15:39:49,450 [WARNING] ROCE_ANOMALY | AMBUJACEM | Source roce_percentage:12.8000 | Computed ROCE (latest year):18.5055 | Diff:5.7055 | category: version difference | explanation: Computed annual ROCE (18.51%) differs from companies table static snapshot roce_percentage (12.80%) by 5.71% due to TTM vs annual fiscal year period.
2026-08-29 15:39:49,584 [WARNING] ROCE_ANOMALY | BAJAJFINSV | Source roce_percentage:21.1400 | Computed ROCE (latest year):11.7053 | Diff:9.4347 | category: version difference | explanation: Computed annual ROCE (11.71%) differs from companies table static snapshot roce_percentage (21.14%) by 9.43% due to TTM vs annual fiscal year period.
2026-08-29 15:39:49,615 [WARNING] ROCE_ANOMALY | BAJFINANCE | Source roce_percentage:11.9000 | Computed ROCE (latest year):4.3603 | Diff:7.5397 | category: version difference | explanation: Computed annual ROCE (4.36%) differs from companies table static snapshot roce_percentage (11.90%) by 7.54% due to TTM vs annual fiscal year period.
2026-08-29 15:39:49,648 [WARNING] ROCE_ANOMALY | BEL | Source roce_percentage:34.6000 | Computed ROCE (latest year):4504.7244 | Diff:4470.1244 | category: version difference | explanation: Computed annual ROCE (4504.72%) differs from companies table static snapshot roce_percentage (34.60%) by 4470.12% due to TTM vs annual fiscal year period.
2026-08-29 15:39:49,692 [WARNING] ROCE_ANOMALY | BHARTIARTL | Source roce_percentage:13.1000 | Computed ROCE (latest year):25.1044 | Diff:12.0044 | category: version difference | explanation: Computed annual ROCE (25.10%) differs from companies table static snapshot roce_percentage (13.10%) by 12.00% due to TTM vs annual fiscal year period.
2026-08-29 15:39:49,744 [WARNING] ROCE_ANOMALY | BOSCHLTD | Source roce_percentage:20.6000 | Computed ROCE (latest year):30.2487 | Diff:9.6487 | category: version difference | explanation: Computed annual ROCE (30.25%) differs from companies table static snapshot roce_percentage (20.60%) by 9.65% due to TTM vs annual fiscal year period.
2026-08-29 15:39:49,785 [WARNING] ROCE_ANOMALY | BRITANNIA | Source roce_percentage:48.9000 | Computed ROCE (latest year):56.2438 | Diff:7.3438 | category: version difference | explanation: Computed annual ROCE (56.24%) differs from companies table static snapshot roce_percentage (48.90%) by 7.34% due to TTM vs annual fiscal year period.
2026-08-29 15:39:49,841 [WARNING] ROCE_ANOMALY | CHOLAFIN | Source roce_percentage:10.4000 | Computed ROCE (latest year):3.5108 | Diff:6.8892 | category: version difference | explanation: Computed annual ROCE (3.51%) differs from companies table static snapshot roce_percentage (10.40%) by 6.89% due to TTM vs annual fiscal year period.
2026-08-29 15:39:49,861 [WARNING] ROCE_ANOMALY | CIPLA | Source roce_percentage:22.8000 | Computed ROCE (latest year):71.5459 | Diff:48.7459 | category: version difference | explanation: Computed annual ROCE (71.55%) differs from companies table static snapshot roce_percentage (22.80%) by 48.75% due to TTM vs annual fiscal year period.
2026-08-29 15:39:49,914 [WARNING] ROCE_ANOMALY | COALINDIA | Source roce_percentage:63.6000 | Computed ROCE (latest year):105.7511 | Diff:42.1511 | category: version difference | explanation: Computed annual ROCE (105.75%) differs from companies table static snapshot roce_percentage (63.60%) by 42.15% due to TTM vs annual fiscal year period.
2026-08-29 15:39:50,104 [WARNING] ROCE_ANOMALY | GODREJCP | Source roce_percentage:26.4900 | Computed ROCE (latest year):4.7282 | Diff:21.7618 | category: version difference | explanation: Computed annual ROCE (4.73%) differs from companies table static snapshot roce_percentage (26.49%) by 21.76% due to TTM vs annual fiscal year period.
2026-08-29 15:39:50,175 [WARNING] ROCE_ANOMALY | HAL | Source roce_percentage:38.9000 | Computed ROCE (latest year):3617.3913 | Diff:3578.4913 | category: version difference | explanation: Computed annual ROCE (3617.39%) differs from companies table static snapshot roce_percentage (38.90%) by 3578.49% due to TTM vs annual fiscal year period.
2026-08-29 15:39:50,229 [WARNING] ROCE_ANOMALY | HCLTECH | Source roce_percentage:29.6000 | Computed ROCE (latest year):34.7104 | Diff:5.1104 | category: version difference | explanation: Computed annual ROCE (34.71%) differs from companies table static snapshot roce_percentage (29.60%) by 5.11% due to TTM vs annual fiscal year period.
2026-08-29 15:39:50,317 [WARNING] ROCE_ANOMALY | HDFCLIFE | Source roce_percentage:6.6100 | Computed ROCE (latest year):646.4652 | Diff:639.8552 | category: version difference | explanation: Computed annual ROCE (646.47%) differs from companies table static snapshot roce_percentage (6.61%) by 639.86% due to TTM vs annual fiscal year period.
2026-08-29 15:39:50,336 [WARNING] ROCE_ANOMALY | HEROMOTOCO | Source roce_percentage:29.1000 | Computed ROCE (latest year):177.9186 | Diff:148.8186 | category: version difference | explanation: Computed annual ROCE (177.92%) differs from companies table static snapshot roce_percentage (29.10%) by 148.82% due to TTM vs annual fiscal year period.
2026-08-29 15:39:50,362 [WARNING] ROCE_ANOMALY | HINDALCO | Source roce_percentage:11.3000 | Computed ROCE (latest year):118.2145 | Diff:106.9145 | category: version difference | explanation: Computed annual ROCE (118.21%) differs from companies table static snapshot roce_percentage (11.30%) by 106.91% due to TTM vs annual fiscal year period.
2026-08-29 15:39:50,392 [WARNING] ROCE_ANOMALY | HINDUNILVR | Source roce_percentage:27.2000 | Computed ROCE (latest year):89.6759 | Diff:62.4759 | category: version difference | explanation: Computed annual ROCE (89.68%) differs from companies table static snapshot roce_percentage (27.20%) by 62.48% due to TTM vs annual fiscal year period.
2026-08-29 15:39:50,440 [WARNING] ROCE_ANOMALY | ICICIGI | Source roce_percentage:22.5000 | Computed ROCE (latest year):146.4297 | Diff:123.9297 | category: version difference | explanation: Computed annual ROCE (146.43%) differs from companies table static snapshot roce_percentage (22.50%) by 123.93% due to TTM vs annual fiscal year period.
2026-08-29 15:39:50,456 [WARNING] ROCE_ANOMALY | ICICIPRULI | Source roce_percentage:8.7500 | Computed ROCE (latest year):754.8873 | Diff:746.1373 | category: version difference | explanation: Computed annual ROCE (754.89%) differs from companies table static snapshot roce_percentage (8.75%) by 746.14% due to TTM vs annual fiscal year period.
2026-08-29 15:39:50,475 [WARNING] ROCE_ANOMALY | INDIGO | Source roce_percentage:24.5000 | Computed ROCE (latest year):5643.4549 | Diff:5618.9549 | category: version difference | explanation: Computed annual ROCE (5643.45%) differs from companies table static snapshot roce_percentage (24.50%) by 5618.95% due to TTM vs annual fiscal year period.
2026-08-29 15:39:50,569 [WARNING] ROCE_ANOMALY | IRCTC | Source roce_percentage:53.8000 | Computed ROCE (latest year):47.7812 | Diff:6.0188 | category: version difference | explanation: Computed annual ROCE (47.78%) differs from companies table static snapshot roce_percentage (53.80%) by 6.02% due to TTM vs annual fiscal year period.
2026-08-29 15:39:50,768 [WARNING] ROCE_ANOMALY | LICI | Source roce_percentage:63.7900 | Computed ROCE (latest year):57.5344 | Diff:6.2556 | category: version difference | explanation: Computed annual ROCE (57.53%) differs from companies table static snapshot roce_percentage (63.79%) by 6.26% due to TTM vs annual fiscal year period.
2026-08-29 15:39:50,799 [WARNING] ROCE_ANOMALY | LT | Source roce_percentage:17.1800 | Computed ROCE (latest year):152.6190 | Diff:135.4390 | category: version difference | explanation: Computed annual ROCE (152.62%) differs from companies table static snapshot roce_percentage (17.18%) by 135.44% due to TTM vs annual fiscal year period.
2026-08-29 15:39:50,846 [WARNING] ROCE_ANOMALY | M&M | Source roce_percentage:26.9800 | Computed ROCE (latest year):16.1236 | Diff:10.8564 | category: version difference | explanation: Computed annual ROCE (16.12%) differs from companies table static snapshot roce_percentage (26.98%) by 10.86% due to TTM vs annual fiscal year period.
2026-08-29 15:39:50,876 [WARNING] ROCE_ANOMALY | MOTHERSON | Source roce_percentage:13.7000 | Computed ROCE (latest year):20.5352 | Diff:6.8352 | category: version difference | explanation: Computed annual ROCE (20.54%) differs from companies table static snapshot roce_percentage (13.70%) by 6.84% due to TTM vs annual fiscal year period.
2026-08-29 15:39:50,932 [WARNING] ROCE_ANOMALY | NESTLEIND | Source roce_percentage:185.4300 | Computed ROCE (latest year):162.0624 | Diff:23.3676 | category: version difference | explanation: Computed annual ROCE (162.06%) differs from companies table static snapshot roce_percentage (185.43%) by 23.37% due to TTM vs annual fiscal year period.
2026-08-29 15:39:51,030 [WARNING] ROCE_ANOMALY | PFC | Source roce_percentage:9.9600 | Computed ROCE (latest year):3.4931 | Diff:6.4669 | category: version difference | explanation: Computed annual ROCE (3.49%) differs from companies table static snapshot roce_percentage (9.96%) by 6.47% due to TTM vs annual fiscal year period.
2026-08-29 15:39:51,076 [WARNING] ROCE_ANOMALY | PNB | Source roce_percentage:1.6300 | Computed ROCE (latest year):20.2402 | Diff:18.6102 | category: version difference | explanation: Computed annual ROCE (20.24%) differs from companies table static snapshot roce_percentage (1.63%) by 18.61% due to TTM vs annual fiscal year period.
2026-08-29 15:39:51,090 [WARNING] ROCE_ANOMALY | POWERGRID | Source roce_percentage:13.2000 | Computed ROCE (latest year):19.1691 | Diff:5.9691 | category: version difference | explanation: Computed annual ROCE (19.17%) differs from companies table static snapshot roce_percentage (13.20%) by 5.97% due to TTM vs annual fiscal year period.
2026-08-29 15:39:51,266 [WARNING] ROCE_ANOMALY | SHREECEM | Source roce_percentage:14.8000 | Computed ROCE (latest year):22.8767 | Diff:8.0767 | category: version difference | explanation: Computed annual ROCE (22.88%) differs from companies table static snapshot roce_percentage (14.80%) by 8.08% due to TTM vs annual fiscal year period.
2026-08-29 15:39:51,282 [WARNING] ROCE_ANOMALY | SHRIRAMFIN | Source roce_percentage:11.3000 | Computed ROCE (latest year):4.3151 | Diff:6.9849 | category: version difference | explanation: Computed annual ROCE (4.32%) differs from companies table static snapshot roce_percentage (11.30%) by 6.98% due to TTM vs annual fiscal year period.
2026-08-29 15:39:51,399 [WARNING] ROCE_ANOMALY | TATAMOTORS | Source roce_percentage:20.1000 | Computed ROCE (latest year):33.9323 | Diff:13.8323 | category: version difference | explanation: Computed annual ROCE (33.93%) differs from companies table static snapshot roce_percentage (20.10%) by 13.83% due to TTM vs annual fiscal year period.
2026-08-29 15:39:51,432 [WARNING] ROCE_ANOMALY | TATAPOWER | Source roce_percentage:11.1000 | Computed ROCE (latest year):16.4460 | Diff:5.3460 | category: version difference | explanation: Computed annual ROCE (16.45%) differs from companies table static snapshot roce_percentage (11.10%) by 5.35% due to TTM vs annual fiscal year period.
2026-08-29 15:39:51,520 [WARNING] ROCE_ANOMALY | TECHM | Source roce_percentage:11.9000 | Computed ROCE (latest year):18.6023 | Diff:6.7023 | category: version difference | explanation: Computed annual ROCE (18.60%) differs from companies table static snapshot roce_percentage (11.90%) by 6.70% due to TTM vs annual fiscal year period.
2026-08-29 15:39:51,574 [WARNING] ROCE_ANOMALY | TORNTPHARM | Source roce_percentage:23.2000 | Computed ROCE (latest year):32.3037 | Diff:9.1037 | category: version difference | explanation: Computed annual ROCE (32.30%) differs from companies table static snapshot roce_percentage (23.20%) by 9.10% due to TTM vs annual fiscal year period.
2026-08-29 15:39:51,609 [WARNING] ROCE_ANOMALY | TRENT | Source roce_percentage:23.8000 | Computed ROCE (latest year):50.8504 | Diff:27.0504 | category: version difference | explanation: Computed annual ROCE (50.85%) differs from companies table static snapshot roce_percentage (23.80%) by 27.05% due to TTM vs annual fiscal year period.
2026-08-29 15:39:51,634 [INFO] ============================================================
2026-08-29 15:39:51,640 [INFO] DONE — financial_ratios table row count: 1073
2026-08-29 15:39:51,640 [INFO] Outputs written to: C:\Users\Zalsabilah.R.A.Arep\OneDrive\Documents\internship\nifty100-financial-intelligence\output
2026-08-29 15:39:51,640 [INFO] ============================================================
